** Drc report for /home/kim/t-eth-elite-hat-adapter/t1s_hat/t1s_hat.kicad_pcb **
** Created on 2026-09-22 18:03:32 **

** Found 53 DRC violations **
[silk_overlap]: Silkscreen overlap (board setup constraints silk clearance 0.1000 mm; actual 0.0000 mm)
    Rule: board setup constraints silk; Severity: warning
    @(108.0000 mm, 67.0000 mm): PCB Text 'R1 R2  TERMINATION - SHIPPED UNSTU...' on F.Silkscreen
    @(124.2729 mm, 66.7100 mm): Line on F.Silkscreen
[silk_overlap]: Silkscreen overlap (board setup constraints silk clearance 0.1000 mm; actual 0.0438 mm)
    Rule: board setup constraints silk; Severity: warning
    @(124.2729 mm, 64.8900 mm): Line on F.Silkscreen
    @(126.1000 mm, 64.6800 mm): Reference 'C3'
[silk_overlap]: Silkscreen overlap (board setup constraints silk clearance 0.1000 mm; actual 0.0000 mm)
    Rule: board setup constraints silk; Severity: warning
    @(125.0000 mm, 63.9800 mm): Reference 'R2'
    @(126.1000 mm, 64.6800 mm): Reference 'C3'
[silk_overlap]: Silkscreen overlap (board setup constraints silk clearance 0.1000 mm; actual 0.0544 mm)
    Rule: board setup constraints silk; Severity: warning
    @(126.7650 mm, 69.4613 mm): Line on F.Silkscreen
    @(108.0000 mm, 68.3500 mm): PCB Text 'END OF BUS ....... 49R9  1%  1W' on F.Silkscreen
[silk_overlap]: Silkscreen overlap (board setup constraints silk clearance 0.1000 mm; actual 0.0000 mm)
    Rule: board setup constraints silk; Severity: warning
    @(128.2350 mm, 69.4613 mm): Line on F.Silkscreen
    @(127.8200 mm, 69.2000 mm): Reference 'C1'
[silk_overlap]: Silkscreen overlap (board setup constraints silk clearance 0.1000 mm; actual 0.0871 mm)
    Rule: board setup constraints silk; Severity: warning
    @(125.8200 mm, 69.2000 mm): Reference 'C2'
    @(108.0000 mm, 68.3500 mm): PCB Text 'END OF BUS ....... 49R9  1%  1W' on F.Silkscreen
[silk_overlap]: Silkscreen overlap (board setup constraints silk clearance 0.1000 mm; actual 0.0000 mm)
    Rule: board setup constraints silk; Severity: warning
    @(111.0000 mm, 61.0000 mm): PCB Text '1-2 and 3-4 are the same pair;' on F.Silkscreen
    @(119.4750 mm, 61.1000 mm): PCB Text 'P' on F.Silkscreen
[silk_overlap]: Silkscreen overlap (board setup constraints silk clearance 0.1000 mm; actual 0.0424 mm)
    Rule: board setup constraints silk; Severity: warning
    @(123.2850 mm, 61.1000 mm): PCB Text 'N' on F.Silkscreen
    @(124.6850 mm, 62.0000 mm): Reference 'CN1'
[silk_overlap]: Silkscreen overlap (board setup constraints silk clearance 0.1000 mm; actual 0.0000 mm)
    Rule: board setup constraints silk; Severity: warning
    @(130.9050 mm, 61.1000 mm): PCB Text 'P' on F.Silkscreen
    @(130.4050 mm, 61.0000 mm): Line on F.Silkscreen
[silk_overlap]: Silkscreen overlap (board setup constraints silk clearance 0.1000 mm; actual 0.0535 mm)
    Rule: board setup constraints silk; Severity: warning
    @(130.9050 mm, 61.1000 mm): PCB Text 'P' on F.Silkscreen
    @(130.1050 mm, 61.6000 mm): Line on F.Silkscreen
[silk_overlap]: Silkscreen overlap (board setup constraints silk clearance 0.1000 mm; actual 0.0000 mm)
    Rule: board setup constraints silk; Severity: warning
    @(130.9050 mm, 61.1000 mm): PCB Text 'P' on F.Silkscreen
    @(130.9000 mm, 61.3500 mm): Reference 'R3'
[silk_overlap]: Silkscreen overlap (board setup constraints silk clearance 0.1000 mm; actual 0.0789 mm)
    Rule: board setup constraints silk; Severity: warning
    @(129.3550 mm, 60.3100 mm): Line on F.Silkscreen
    @(127.0950 mm, 61.1000 mm): PCB Text 'N' on F.Silkscreen
[silk_overlap]: Silkscreen overlap (board setup constraints silk clearance 0.1000 mm; actual 0.0000 mm)
    Rule: board setup constraints silk; Severity: warning
    @(133.1150 mm, 60.3100 mm): Line on F.Silkscreen
    @(141.0000 mm, 52.8000 mm): PCB Text 'T1S HAT  LAN8651  10BASE-T1S' on F.Silkscreen
[silk_overlap]: Silkscreen overlap (board setup constraints silk clearance 0.1000 mm; actual 0.0789 mm)
    Rule: board setup constraints silk; Severity: warning
    @(125.5450 mm, 60.3100 mm): Line on F.Silkscreen
    @(123.2850 mm, 61.1000 mm): PCB Text 'N' on F.Silkscreen
[silk_overlap]: Silkscreen overlap (board setup constraints silk clearance 0.1000 mm; actual 0.0000 mm)
    Rule: board setup constraints silk; Severity: warning
    @(130.9050 mm, 61.1000 mm): PCB Text 'P' on F.Silkscreen
    @(130.7050 mm, 61.6000 mm): Line on F.Silkscreen
[silk_overlap]: Silkscreen overlap (board setup constraints silk clearance 0.1000 mm; actual 0.0000 mm)
    Rule: board setup constraints silk; Severity: warning
    @(130.7050 mm, 61.6000 mm): Line on F.Silkscreen
    @(130.9000 mm, 61.3500 mm): Reference 'R3'
[silk_overlap]: Silkscreen overlap (board setup constraints silk clearance 0.1000 mm; actual 0.0000 mm)
    Rule: board setup constraints silk; Severity: warning
    @(130.4050 mm, 61.0000 mm): Line on F.Silkscreen
    @(130.9000 mm, 61.3500 mm): Reference 'R3'
[silk_overlap]: Silkscreen overlap (board setup constraints silk clearance 0.1000 mm; actual 0.0000 mm)
    Rule: board setup constraints silk; Severity: warning
    @(130.1050 mm, 61.6000 mm): Line on F.Silkscreen
    @(130.9000 mm, 61.3500 mm): Reference 'R3'
[silk_overlap]: Silkscreen overlap (board setup constraints silk clearance 0.1000 mm; actual 0.0976 mm)
    Rule: board setup constraints silk; Severity: warning
    @(108.0000 mm, 67.0000 mm): PCB Text 'R1 R2  TERMINATION - SHIPPED UNSTU...' on F.Silkscreen
    @(132.7271 mm, 66.7100 mm): Line on F.Silkscreen
[silk_overlap]: Silkscreen overlap (board setup constraints silk clearance 0.1000 mm; actual 0.0000 mm)
    Rule: board setup constraints silk; Severity: warning
    @(132.0000 mm, 67.6200 mm): Reference 'R1'
    @(108.0000 mm, 67.0000 mm): PCB Text 'R1 R2  TERMINATION - SHIPPED UNSTU...' on F.Silkscreen
[silk_overlap]: Silkscreen overlap (board setup constraints silk clearance 0.1000 mm; actual 0.0781 mm)
    Rule: board setup constraints silk; Severity: warning
    @(134.4300 mm, 69.6000 mm): Reference 'FB1'
    @(134.2200 mm, 70.6000 mm): Reference 'C15'
[silk_overlap]: Silkscreen overlap (board setup constraints silk clearance 0.1000 mm; actual 0.0000 mm)
    Rule: board setup constraints silk; Severity: warning
    @(131.6000 mm, 73.4300 mm): Reference 'C11'
    @(131.7406 mm, 73.0900 mm): Line on F.Silkscreen
[silk_overlap]: Silkscreen overlap (board setup constraints silk clearance 0.1000 mm; actual 0.0000 mm)
    Rule: board setup constraints silk; Severity: warning
    @(119.8000 mm, 84.9700 mm): Reference 'C7'
    @(120.3594 mm, 84.5100 mm): Line on F.Silkscreen
[silk_overlap]: Silkscreen overlap (board setup constraints silk clearance 0.1000 mm; actual 0.0000 mm)
    Rule: board setup constraints silk; Severity: warning
    @(147.5000 mm, 72.5700 mm): Reference 'C14'
    @(147.3594 mm, 72.9100 mm): Line on F.Silkscreen
[silk_overlap]: Silkscreen overlap (board setup constraints silk clearance 0.1000 mm; actual 0.0000 mm)
    Rule: board setup constraints silk; Severity: warning
    @(144.0000 mm, 79.5700 mm): Reference 'D1'
    @(142.5150 mm, 79.2350 mm): Line on F.Silkscreen
[silk_overlap]: Silkscreen overlap (board setup constraints silk clearance 0.1000 mm; actual 0.0000 mm)
    Rule: board setup constraints silk; Severity: warning
    @(136.9000 mm, 71.4000 mm): Reference 'Y1'
    @(136.7200 mm, 70.6000 mm): Reference 'C16'
[silk_overlap]: Silkscreen overlap (board setup constraints silk clearance 0.1000 mm; actual 0.0039 mm)
    Rule: board setup constraints silk; Severity: warning
    @(136.7200 mm, 70.6000 mm): Reference 'C16'
    @(136.1600 mm, 70.7406 mm): Line on F.Silkscreen
[silk_overlap]: Silkscreen overlap (board setup constraints silk clearance 0.1000 mm; actual 0.0636 mm)
    Rule: board setup constraints silk; Severity: warning
    @(147.5000 mm, 79.9300 mm): Reference 'R9'
    @(147.7373 mm, 80.4775 mm): Line on F.Silkscreen
[silk_over_copper]: Silkscreen clipped by solder mask
    Local override; Severity: warning
    @(111.0000 mm, 61.0000 mm): PCB Text '1-2 and 3-4 are the same pair;' on F.Silkscreen
[silk_over_copper]: Silkscreen clipped by solder mask
    Local override; Severity: warning
    @(123.2850 mm, 61.1000 mm): PCB Text 'N' on F.Silkscreen
[silk_over_copper]: Silkscreen clipped by solder mask
    Local override; Severity: warning
    @(108.0000 mm, 67.0000 mm): PCB Text 'R1 R2  TERMINATION - SHIPPED UNSTU...' on F.Silkscreen
[silk_over_copper]: Silkscreen clipped by solder mask
    Local override; Severity: warning
    @(119.4750 mm, 61.1000 mm): PCB Text 'P' on F.Silkscreen
[silk_over_copper]: Silkscreen clipped by solder mask
    Local override; Severity: warning
    @(130.9050 mm, 61.1000 mm): PCB Text 'P' on F.Silkscreen
[silk_over_copper]: Silkscreen clipped by solder mask
    Local override; Severity: warning
    @(108.0000 mm, 68.3500 mm): PCB Text 'END OF BUS ....... 49R9  1%  1W' on F.Silkscreen
[silk_over_copper]: Silkscreen clipped by solder mask
    Local override; Severity: warning
    @(127.0950 mm, 61.1000 mm): PCB Text 'N' on F.Silkscreen
[silk_over_copper]: Silkscreen clipped by solder mask
    Local override; Severity: warning
    @(131.6000 mm, 73.4300 mm): Reference 'C11'
[silk_over_copper]: Silkscreen clipped by solder mask
    Local override; Severity: warning
    @(125.0000 mm, 63.9800 mm): Reference 'R2'
[silk_over_copper]: Silkscreen clipped by solder mask
    Local override; Severity: warning
    @(127.8200 mm, 69.2000 mm): Reference 'C1'
[silk_over_copper]: Silkscreen clipped by solder mask
    Local override; Severity: warning
    @(118.0000 mm, 86.5700 mm): Reference 'FB3'
[silk_over_copper]: Silkscreen clipped by solder mask
    Local override; Severity: warning
    @(147.5000 mm, 72.5700 mm): Reference 'C14'
[silk_over_copper]: Silkscreen clipped by solder mask
    Local override; Severity: warning
    @(124.6850 mm, 62.0000 mm): Reference 'CN1'
[silk_over_copper]: Silkscreen clipped by solder mask
    Local override; Severity: warning
    @(126.1000 mm, 64.6800 mm): Reference 'C3'
[silk_over_copper]: Silkscreen clipped by solder mask
    Local override; Severity: warning
    @(119.8000 mm, 84.9700 mm): Reference 'C7'
[lib_footprint_issues]: The current configuration does not include the library 't1s_hat'.
    Local override; Severity: warning
    @(163.2300 mm, 53.8000 mm): Footprint H4
[lib_footprint_issues]: The current configuration does not include the library 't1s_hat'.
    Local override; Severity: warning
    @(102.9800 mm, 53.7700 mm): Footprint H3
[lib_footprint_issues]: The current configuration does not include the library 't1s_hat'.
    Local override; Severity: warning
    @(161.3300 mm, 95.3700 mm): Footprint H2
[lib_footprint_issues]: The current configuration does not include the library 't1s_hat'.
    Local override; Severity: warning
    @(103.3300 mm, 95.3700 mm): Footprint H1
[silk_edge_clearance]: Silkscreen clipped by board edge (board setup constraints silk clearance 0.1000 mm; actual 0.0000 mm)
    Rule: board setup constraints silk; Severity: warning
    @(166.2200 mm, 97.0000 mm): Line on Edge.Cuts
    @(158.0000 mm, 78.0000 mm): Line on F.Silkscreen
[silk_edge_clearance]: Silkscreen clipped by board edge (board setup constraints silk clearance 0.1000 mm; actual 0.0000 mm)
    Rule: board setup constraints silk; Severity: warning
    @(166.2200 mm, 97.0000 mm): Line on Edge.Cuts
    @(158.0000 mm, 56.0000 mm): Line on F.Silkscreen
[silk_edge_clearance]: Silkscreen clipped by board edge (board setup constraints silk clearance 0.1000 mm; actual 0.0200 mm)
    Rule: board setup constraints silk; Severity: warning
    @(163.2200 mm, 50.8100 mm): Line on Edge.Cuts
    @(133.1150 mm, 60.3100 mm): Line on F.Silkscreen
[silk_edge_clearance]: Silkscreen clipped by board edge (board setup constraints silk clearance 0.1000 mm; actual 0.0200 mm)
    Rule: board setup constraints silk; Severity: warning
    @(163.2200 mm, 50.8100 mm): Line on Edge.Cuts
    @(133.1150 mm, 50.8900 mm): Line on F.Silkscreen
[silk_edge_clearance]: Silkscreen clipped by board edge (board setup constraints silk clearance 0.1000 mm; actual 0.0200 mm)
    Rule: board setup constraints silk; Severity: warning
    @(163.2200 mm, 50.8100 mm): Line on Edge.Cuts
    @(116.2650 mm, 50.8900 mm): Line on F.Silkscreen
[track_dangling]: Track has unconnected end
    Local override; Severity: warning
    @(124.8250 mm, 85.0000 mm): Track [RESET_N] on F.Cu, length 1.0071 mm

** Found 2 unconnected pads **
[unconnected_items]: Missing connection between items
    Local override; Severity: error
    @(129.2500 mm, 85.6000 mm): Track [SPI_CS_N] on F.Cu, length 5.6160 mm
    @(149.1750 mm, 87.6000 mm): Pad 2 [SPI_CS_N] of R5 on F.Cu
[unconnected_items]: Missing connection between items
    Local override; Severity: error
    @(132.4375 mm, 81.7500 mm): Track [VDDP] on F.Cu, length 1.1614 mm
    @(127.5625 mm, 81.2500 mm): Track [VDDP] on F.Cu, length 7.9365 mm

** Found 0 Footprint errors **

** End of Report **
